waves finished 18:46:00
=== wave 4: controlled comparison 18:46:00 ===
[     0s] START C_add_f32  (1 queued)
[     0s] START C_add_nowarm  (0 queued)
[  4275s] OK        C_add_f32  (4275s)
[  4575s] OK        C_add_nowarm  (4575s)

2 jobs finished in 4575s; 0 failed
=== sweep 20:02:15 ===
[     0s] START S_p59_wd0.1_f0.25  (11 queued)
[     0s] START S_p59_wd0.1_f0.35  (10 queued)
[     0s] START S_p59_wd0.1_f0.5  (9 queued)
[  1125s] OK        S_p59_wd0.1_f0.25  (1125s)
[  1125s] START S_p59_wd0.3_f0.25  (8 queued)
[  1245s] OK        S_p59_wd0.1_f0.35  (1245s)
[  1245s] START S_p59_wd0.3_f0.35  (7 queued)
[  1805s] OK        S_p59_wd0.1_f0.5  (1805s)
[  1805s] START S_p59_wd0.3_f0.5  (6 queued)
[  2350s] OK        S_p59_wd0.3_f0.25  (1225s)
[  2350s] START S_p59_wd1.0_f0.25  (5 queued)
[  2600s] OK        S_p59_wd0.3_f0.35  (1355s)
[  2600s] START S_p59_wd1.0_f0.35  (4 queued)
[  3490s] OK        S_p59_wd1.0_f0.25  (1140s)
[  3490s] START S_p59_wd1.0_f0.5  (3 queued)
[  3885s] OK        S_p59_wd1.0_f0.35  (1285s)
[  3885s] START S_p59_wd3.0_f0.25  (2 queued)
[  4110s] OK        S_p59_wd0.3_f0.5  (2305s)
[  4111s] START S_p59_wd3.0_f0.35  (1 queued)
[  5006s] OK        S_p59_wd3.0_f0.25  (1120s)
[  5006s] START S_p59_wd3.0_f0.5  (0 queued)
[  5456s] OK        S_p59_wd3.0_f0.35  (1345s)
[  5611s] OK        S_p59_wd1.0_f0.5  (2120s)
[  6286s] OK        S_p59_wd3.0_f0.5  (1280s)

12 jobs finished in 6286s; 0 failed
ALL COMPUTE DONE 21:47:01
