{
  "tag": "B_add_s0",
  "op": "add",
  "p": 113,
  "n_train": 3830,
  "n_test": 8939,
  "n_params": 226048,
  "model": {
    "d_vocab": 114,
    "d_vocab_out": 113,
    "n_ctx": 3,
    "d_model": 128,
    "n_heads": 4,
    "d_head": 32,
    "d_mlp": 512,
    "act": "relu",
    "causal": true,
    "init_std": 0.0,
    "init_range": 0.8,
    "seed": 0
  },
  "train": {
    "steps": 40000,
    "lr": 0.001,
    "betas": [
      0.9,
      0.98
    ],
    "eps": 1e-08,
    "weight_decay": 1.0,
    "optimizer": "adamw",
    "warmup_steps": 10,
    "log_every": 10,
    "n_log_checkpoints": 120,
    "dense_from": 5000,
    "dense_to": 20000,
    "dense_every": 250,
    "seed": 0
  }
}
step      0 | train 4.7352/0.010 | test 4.7326/0.008 | |w| 33.6 | 0s
step   1000 | train 0.0000/1.000 | test 28.9035/0.014 | |w| 59.3 | 136s
step   2000 | train 0.0000/1.000 | test 29.3363/0.018 | |w| 53.7 | 307s
step   3000 | train 0.0000/1.000 | test 25.5997/0.030 | |w| 51.6 | 501s
step   4000 | train 0.0000/1.000 | test 21.3895/0.056 | |w| 50.1 | 655s
step   5000 | train 0.0000/1.000 | test 15.6426/0.111 | |w| 48.4 | 828s
step   6000 | train 0.0000/1.000 | test 8.0080/0.289 | |w| 46.0 | 1089s
step   7000 | train 0.0000/1.000 | test 0.6239/0.871 | |w| 41.4 | 1367s
step   8000 | train 0.0000/1.000 | test 0.0031/0.999 | |w| 34.5 | 1632s
step   9000 | train 0.0000/1.000 | test 0.0000/1.000 | |w| 31.4 | 1848s
step  10000 | train 0.0000/1.000 | test 0.0000/1.000 | |w| 30.6 | 2041s
step  11000 | train 0.0000/1.000 | test 0.0000/1.000 | |w| 30.3 | 2236s
step  12000 | train 0.0000/1.000 | test 0.0000/1.000 | |w| 30.2 | 2436s
step  13000 | train 0.0000/1.000 | test 0.0000/1.000 | |w| 30.0 | 2638s
step  14000 | train 0.0000/1.000 | test 0.0000/1.000 | |w| 29.9 | 2839s
step  15000 | train 0.0000/1.000 | test 0.0000/1.000 | |w| 29.9 | 3038s
step  16000 | train 0.0000/1.000 | test 0.0000/1.000 | |w| 29.9 | 3235s
step  17000 | train 0.0000/1.000 | test 0.0000/1.000 | |w| 29.8 | 3434s
step  18000 | train 0.0000/1.000 | test 0.0000/1.000 | |w| 29.8 | 3637s
step  19000 | train 0.0000/1.000 | test 0.0000/1.000 | |w| 29.8 | 3834s
step  20000 | train 0.0000/1.000 | test 0.0000/1.000 | |w| 29.8 | 4031s
step  21000 | train 0.0000/1.000 | test 0.0000/1.000 | |w| 29.8 | 4230s
step  22000 | train 0.0000/1.000 | test 0.0000/1.000 | |w| 29.8 | 4434s
step  23000 | train 0.0000/1.000 | test 0.0000/1.000 | |w| 29.8 | 4634s
step  24000 | train 0.0000/1.000 | test 0.0000/1.000 | |w| 29.8 | 4834s
step  25000 | train 0.0000/1.000 | test 0.0000/1.000 | |w| 29.8 | 5040s
step  26000 | train 0.0000/1.000 | test 0.0000/1.000 | |w| 29.8 | 5245s
step  27000 | train 0.0000/1.000 | test 0.0000/1.000 | |w| 29.8 | 5450s
step  28000 | train 0.0000/1.000 | test 0.0000/1.000 | |w| 29.8 | 5654s
step  29000 | train 0.0000/1.000 | test 0.0000/1.000 | |w| 29.8 | 5856s
step  30000 | train 0.0000/1.000 | test 0.0000/1.000 | |w| 29.8 | 6067s
step  31000 | train 0.0000/1.000 | test 0.0000/1.000 | |w| 29.8 | 6270s
step  32000 | train 0.0000/1.000 | test 0.0000/1.000 | |w| 29.8 | 6474s
step  33000 | train 0.0000/1.000 | test 0.0000/1.000 | |w| 29.8 | 6677s
step  34000 | train 0.0000/1.000 | test 0.0000/1.000 | |w| 29.8 | 6892s
step  35000 | train 0.0000/1.000 | test 0.0000/1.000 | |w| 29.8 | 7094s
step  36000 | train 0.0000/1.000 | test 0.0000/1.000 | |w| 29.8 | 7296s
step  37000 | train 0.0000/1.000 | test 0.0000/1.000 | |w| 29.8 | 7498s
step  38000 | train 0.0000/1.000 | test 0.0000/1.000 | |w| 29.8 | 7703s
step  39000 | train 0.0000/1.000 | test 0.0000/1.000 | |w| 29.7 | 7903s
step  40000 | train 0.0000/1.000 | test 0.0000/1.000 | |w| 29.7 | 8104s
DONE {"step": 40000, "train_loss": 0.0, "train_acc": 1.0, "test_loss": 0.0, "test_acc": 1.0, "weight_norm": 29.74745, "elapsed": 8103.76188}
