{
  "tag": "B_mul_s0",
  "op": "mul",
  "p": 113,
  "n_train": 3830,
  "n_test": 8939,
  "n_params": 226048,
  "model": {
    "d_vocab": 114,
    "d_vocab_out": 113,
    "n_ctx": 3,
    "d_model": 128,
    "n_heads": 4,
    "d_head": 32,
    "d_mlp": 512,
    "act": "relu",
    "causal": true,
    "init_std": 0.0,
    "init_range": 0.8,
    "seed": 0
  },
  "train": {
    "steps": 40000,
    "lr": 0.001,
    "betas": [
      0.9,
      0.98
    ],
    "eps": 1e-08,
    "weight_decay": 1.0,
    "optimizer": "adamw",
    "warmup_steps": 10,
    "log_every": 10,
    "n_log_checkpoints": 120,
    "dense_from": 5000,
    "dense_to": 20000,
    "dense_every": 250,
    "seed": 0
  }
}
step      0 | train 4.7322/0.007 | test 4.7336/0.009 | |w| 33.6 | 0s
step   1000 | train 0.0000/1.000 | test 28.0232/0.036 | |w| 60.2 | 139s
step   2000 | train 0.0000/1.000 | test 29.1172/0.042 | |w| 53.9 | 318s
step   3000 | train 0.0000/1.000 | test 25.9730/0.053 | |w| 51.7 | 512s
step   4000 | train 0.0000/1.000 | test 22.9762/0.067 | |w| 50.5 | 665s
step   5000 | train 0.0000/1.000 | test 19.5067/0.090 | |w| 49.3 | 823s
step   6000 | train 0.0000/1.000 | test 14.5262/0.141 | |w| 47.9 | 1036s
step   7000 | train 0.0000/1.000 | test 5.4216/0.419 | |w| 45.3 | 1283s
step   8000 | train 0.0000/1.000 | test 0.0254/0.993 | |w| 38.4 | 1530s
step   9000 | train 0.0000/1.000 | test 0.0000/1.000 | |w| 32.6 | 1814s
step  10000 | train 0.0000/1.000 | test 0.0000/1.000 | |w| 31.1 | 2087s
step  11000 | train 0.0000/1.000 | test 0.0000/1.000 | |w| 30.6 | 2359s
step  12000 | train 0.0000/1.000 | test 0.0000/1.000 | |w| 30.5 | 2631s
step  13000 | train 0.0000/1.000 | test 0.0000/1.000 | |w| 30.4 | 2901s
step  14000 | train 0.0000/1.000 | test 0.0000/1.000 | |w| 30.3 | 3167s
step  15000 | train 0.0000/1.000 | test 0.0000/1.000 | |w| 30.3 | 3433s
step  16000 | train 0.0000/1.000 | test 0.0000/1.000 | |w| 30.2 | 3702s
step  17000 | train 0.0000/1.000 | test 0.0000/1.000 | |w| 30.2 | 3969s
step  18000 | train 0.0000/1.000 | test 0.0000/1.000 | |w| 30.0 | 4246s
step  19000 | train 0.0000/1.000 | test 0.0000/1.000 | |w| 29.2 | 4546s
step  20000 | train 0.0000/1.000 | test 0.0000/1.000 | |w| 29.0 | 4842s
step  21000 | train 0.0000/1.000 | test 0.0000/1.000 | |w| 29.0 | 5146s
step  22000 | train 0.0000/1.000 | test 0.0000/1.000 | |w| 28.9 | 5446s
step  23000 | train 0.0000/1.000 | test 0.0000/1.000 | |w| 28.9 | 5745s
step  24000 | train 0.0000/1.000 | test 0.0000/1.000 | |w| 28.9 | 6047s
step  25000 | train 0.0000/1.000 | test 0.0000/1.000 | |w| 28.9 | 6345s
step  26000 | train 0.0000/1.000 | test 0.0000/1.000 | |w| 28.9 | 6642s
step  27000 | train 0.0000/1.000 | test 0.0000/1.000 | |w| 28.9 | 6949s
step  28000 | train 0.0000/1.000 | test 0.0000/1.000 | |w| 28.9 | 7248s
step  29000 | train 0.0000/1.000 | test 0.0000/1.000 | |w| 28.9 | 7542s
step  30000 | train 0.0000/1.000 | test 0.0000/1.000 | |w| 28.9 | 7837s
step  31000 | train 0.0000/1.000 | test 0.0000/1.000 | |w| 28.8 | 8117s
step  32000 | train 0.0000/1.000 | test 0.0000/1.000 | |w| 28.8 | 8271s
step  33000 | train 0.0000/1.000 | test 0.0000/1.000 | |w| 28.8 | 8432s
step  34000 | train 0.0000/1.000 | test 0.0000/1.000 | |w| 28.8 | 8610s
step  35000 | train 0.0000/1.000 | test 0.0000/1.000 | |w| 28.7 | 8772s
step  36000 | train 0.0000/1.000 | test 0.0000/1.000 | |w| 28.7 | 8926s
step  37000 | train 0.0000/1.000 | test 0.0000/1.000 | |w| 28.7 | 9078s
step  38000 | train 0.0000/1.000 | test 0.0000/1.000 | |w| 28.6 | 9234s
step  39000 | train 0.0000/1.000 | test 0.0000/1.000 | |w| 28.6 | 9389s
step  40000 | train 0.0004/1.000 | test 0.0007/1.000 | |w| 27.2 | 9550s
DONE {"step": 40000, "train_loss": 0.00037, "train_acc": 1.0, "test_loss": 0.00072, "test_acc": 1.0, "weight_norm": 27.18469, "elapsed": 9550.08206}
