{
  "tag": "B_sqx_p109",
  "op": "sq_sum_cross",
  "p": 109,
  "n_train": 3564,
  "n_test": 8317,
  "n_params": 225536,
  "model": {
    "d_vocab": 110,
    "d_vocab_out": 113,
    "n_ctx": 3,
    "d_model": 128,
    "n_heads": 4,
    "d_head": 32,
    "d_mlp": 512,
    "act": "relu",
    "causal": true,
    "init_std": 0.0,
    "init_range": 0.8,
    "seed": 0
  },
  "train": {
    "steps": 30000,
    "lr": 0.001,
    "betas": [
      0.9,
      0.98
    ],
    "eps": 1e-08,
    "weight_decay": 1.0,
    "optimizer": "adamw",
    "warmup_steps": 10,
    "loss_dtype": "float64",
    "log_every": 10,
    "n_log_checkpoints": 120,
    "dense_from": 5000,
    "dense_to": 25000,
    "dense_every": 250,
    "seed": 0
  }
}
step      0 | train 4.6978/0.009 | test 4.6973/0.010 | |w| 33.6 | 0s
step   1000 | train 0.0000/1.000 | test 22.9402/0.109 | |w| 57.6 | 124s
step   2000 | train 0.0000/1.000 | test 25.6199/0.114 | |w| 52.0 | 306s
step   3000 | train 0.0000/1.000 | test 24.9504/0.116 | |w| 50.4 | 481s
step   4000 | train 0.0000/1.000 | test 24.5628/0.116 | |w| 49.7 | 649s
step   5000 | train 0.0000/1.000 | test 24.3045/0.117 | |w| 49.3 | 815s
step   6000 | train 0.0000/1.000 | test 24.1254/0.115 | |w| 49.0 | 973s
step   7000 | train 0.0000/1.000 | test 24.0031/0.112 | |w| 48.7 | 1136s
step   8000 | train 0.0000/1.000 | test 23.9124/0.110 | |w| 48.5 | 1297s
step   9000 | train 0.0000/1.000 | test 23.8236/0.109 | |w| 48.3 | 1453s
step  10000 | train 0.0000/1.000 | test 23.7233/0.107 | |w| 48.1 | 1605s
step  11000 | train 0.0000/1.000 | test 23.6802/0.103 | |w| 48.0 | 1757s
step  12000 | train 0.0000/1.000 | test 23.6679/0.102 | |w| 47.8 | 1909s
step  13000 | train 0.0000/1.000 | test 23.6472/0.100 | |w| 47.7 | 2068s
step  14000 | train 0.0000/1.000 | test 23.6223/0.096 | |w| 47.6 | 2221s
step  15000 | train 0.0000/1.000 | test 23.5909/0.095 | |w| 47.5 | 2367s
step  16000 | train 0.0000/1.000 | test 23.5873/0.094 | |w| 47.4 | 2511s
step  17000 | train 0.0000/1.000 | test 23.5891/0.096 | |w| 47.3 | 2657s
step  18000 | train 0.0000/1.000 | test 23.5803/0.095 | |w| 47.2 | 2803s
step  19000 | train 0.0000/1.000 | test 23.5854/0.095 | |w| 47.1 | 2948s
step  20000 | train 0.0000/1.000 | test 23.5747/0.096 | |w| 47.1 | 3091s
step  21000 | train 0.0000/1.000 | test 23.5634/0.095 | |w| 47.0 | 3233s
step  22000 | train 0.0000/1.000 | test 23.5594/0.095 | |w| 47.0 | 3377s
step  23000 | train 0.0000/1.000 | test 23.5532/0.094 | |w| 46.9 | 3540s
step  24000 | train 0.0000/1.000 | test 23.5494/0.094 | |w| 46.9 | 3694s
step  25000 | train 0.0000/1.000 | test 23.5493/0.094 | |w| 46.8 | 3836s
step  26000 | train 0.0000/1.000 | test 23.5443/0.094 | |w| 46.8 | 3981s
step  27000 | train 0.0000/1.000 | test 23.5555/0.092 | |w| 46.7 | 4119s
step  28000 | train 0.0000/1.000 | test 23.5567/0.091 | |w| 46.7 | 4258s
step  29000 | train 0.0000/1.000 | test 23.5542/0.090 | |w| 46.6 | 4397s
step  30000 | train 0.0000/1.000 | test 23.5552/0.089 | |w| 46.6 | 4539s
DONE {"step": 30000, "train_loss": 0.0, "train_acc": 1.0, "test_loss": 23.55519, "test_acc": 0.08934, "weight_norm": 46.60155, "elapsed": 4538.77227}
