{
  "tag": "B_sqx_p113",
  "op": "sq_sum_cross",
  "p": 113,
  "n_train": 3830,
  "n_test": 8939,
  "n_params": 226048,
  "model": {
    "d_vocab": 114,
    "d_vocab_out": 113,
    "n_ctx": 3,
    "d_model": 128,
    "n_heads": 4,
    "d_head": 32,
    "d_mlp": 512,
    "act": "relu",
    "causal": true,
    "init_std": 0.0,
    "init_range": 0.8,
    "seed": 0
  },
  "train": {
    "steps": 30000,
    "lr": 0.001,
    "betas": [
      0.9,
      0.98
    ],
    "eps": 1e-08,
    "weight_decay": 1.0,
    "optimizer": "adamw",
    "warmup_steps": 10,
    "loss_dtype": "float64",
    "log_every": 10,
    "n_log_checkpoints": 120,
    "dense_from": 5000,
    "dense_to": 25000,
    "dense_every": 250,
    "seed": 0
  }
}
step      0 | train 4.7337/0.008 | test 4.7336/0.009 | |w| 33.6 | 0s
step   1000 | train 0.0000/1.000 | test 22.4028/0.188 | |w| 58.7 | 131s
step   2000 | train 0.0000/1.000 | test 25.1479/0.183 | |w| 52.8 | 323s
step   3000 | train 0.0000/1.000 | test 24.5335/0.178 | |w| 51.1 | 511s
step   4000 | train 0.0000/1.000 | test 24.1995/0.175 | |w| 50.5 | 695s
step   5000 | train 0.0000/1.000 | test 23.9980/0.172 | |w| 50.0 | 869s
step   6000 | train 0.0000/1.000 | test 23.8656/0.168 | |w| 49.7 | 1042s
step   7000 | train 0.0000/1.000 | test 23.7374/0.163 | |w| 49.4 | 1219s
step   8000 | train 0.0000/1.000 | test 23.6467/0.160 | |w| 49.2 | 1390s
step   9000 | train 0.0000/1.000 | test 23.5528/0.157 | |w| 49.0 | 1558s
step  10000 | train 0.0000/1.000 | test 23.4355/0.156 | |w| 48.8 | 1724s
step  11000 | train 0.0000/1.000 | test 23.3561/0.151 | |w| 48.7 | 1885s
step  12000 | train 0.0000/1.000 | test 23.2958/0.149 | |w| 48.5 | 2056s
step  13000 | train 0.0000/1.000 | test 23.2566/0.145 | |w| 48.4 | 2221s
step  14000 | train 0.0000/1.000 | test 23.2203/0.144 | |w| 48.3 | 2380s
step  15000 | train 0.0000/1.000 | test 23.1867/0.140 | |w| 48.2 | 2536s
step  16000 | train 0.0000/1.000 | test 23.1659/0.138 | |w| 48.1 | 2690s
step  17000 | train 0.0000/1.000 | test 23.1595/0.134 | |w| 48.0 | 2846s
step  18000 | train 0.0000/1.000 | test 23.1594/0.132 | |w| 47.9 | 2999s
step  19000 | train 0.0000/1.000 | test 23.1721/0.129 | |w| 47.9 | 3151s
step  20000 | train 0.0000/1.000 | test 23.1855/0.127 | |w| 47.8 | 3304s
step  21000 | train 0.0000/1.000 | test 23.1885/0.126 | |w| 47.8 | 3470s
step  22000 | train 0.0000/1.000 | test 23.2021/0.124 | |w| 47.7 | 3641s
step  23000 | train 0.0000/1.000 | test 23.2131/0.122 | |w| 47.6 | 3801s
step  24000 | train 0.0000/1.000 | test 23.2205/0.122 | |w| 47.6 | 3955s
step  25000 | train 0.0000/1.000 | test 23.2284/0.119 | |w| 47.5 | 4109s
step  26000 | train 0.0000/1.000 | test 23.2308/0.117 | |w| 47.5 | 4259s
step  27000 | train 0.0000/1.000 | test 23.2461/0.116 | |w| 47.5 | 4410s
step  28000 | train 0.0000/1.000 | test 23.2634/0.115 | |w| 47.4 | 4558s
step  29000 | train 0.0000/1.000 | test 23.2854/0.114 | |w| 47.4 | 4655s
step  30000 | train 0.0000/1.000 | test 23.3011/0.114 | |w| 47.3 | 4743s
DONE {"step": 30000, "train_loss": 0.0, "train_acc": 1.0, "test_loss": 23.30115, "test_acc": 0.11377, "weight_norm": 47.3334, "elapsed": 4743.4306}
