{
  "tag": "B_sub_s0",
  "op": "sub",
  "p": 113,
  "n_train": 3830,
  "n_test": 8939,
  "n_params": 226048,
  "model": {
    "d_vocab": 114,
    "d_vocab_out": 113,
    "n_ctx": 3,
    "d_model": 128,
    "n_heads": 4,
    "d_head": 32,
    "d_mlp": 512,
    "act": "relu",
    "causal": true,
    "init_std": 0.0,
    "init_range": 0.8,
    "seed": 0
  },
  "train": {
    "steps": 30000,
    "lr": 0.001,
    "betas": [
      0.9,
      0.98
    ],
    "eps": 1e-08,
    "weight_decay": 1.0,
    "optimizer": "adamw",
    "warmup_steps": 10,
    "loss_dtype": "float64",
    "log_every": 10,
    "n_log_checkpoints": 120,
    "dense_from": 5000,
    "dense_to": 25000,
    "dense_every": 250,
    "seed": 0
  }
}
step      0 | train 4.7341/0.008 | test 4.7331/0.009 | |w| 33.6 | 0s
step   1000 | train 0.0000/1.000 | test 35.1130/0.002 | |w| 61.1 | 124s
step   2000 | train 0.0000/1.000 | test 38.4333/0.001 | |w| 55.2 | 272s
step   3000 | train 0.0000/1.000 | test 36.6864/0.002 | |w| 53.4 | 420s
step   4000 | train 0.0000/1.000 | test 35.3926/0.002 | |w| 52.7 | 563s
step   5000 | train 0.0000/1.000 | test 34.4677/0.002 | |w| 52.1 | 701s
step   6000 | train 0.0000/1.000 | test 33.7089/0.003 | |w| 51.7 | 837s
step   7000 | train 0.0000/1.000 | test 33.1621/0.003 | |w| 51.4 | 971s
step   8000 | train 0.0000/1.000 | test 32.6979/0.003 | |w| 51.1 | 1108s
step   9000 | train 0.0000/1.000 | test 32.2511/0.003 | |w| 50.9 | 1248s
step  10000 | train 0.0000/1.000 | test 31.8326/0.003 | |w| 50.6 | 1378s
step  11000 | train 0.0000/1.000 | test 31.4474/0.003 | |w| 50.4 | 1512s
step  12000 | train 0.0000/1.000 | test 31.0256/0.003 | |w| 50.2 | 1645s
step  13000 | train 0.0000/1.000 | test 30.6053/0.003 | |w| 50.1 | 1775s
step  14000 | train 0.0000/1.000 | test 30.2113/0.004 | |w| 49.9 | 1902s
step  15000 | train 0.0000/1.000 | test 29.7730/0.004 | |w| 49.8 | 2032s
step  16000 | train 0.0000/1.000 | test 29.2956/0.005 | |w| 49.6 | 2174s
step  17000 | train 0.0000/1.000 | test 28.7529/0.006 | |w| 49.4 | 2311s
step  18000 | train 0.0000/1.000 | test 28.1743/0.006 | |w| 49.3 | 2440s
step  19000 | train 0.0000/1.000 | test 27.4423/0.008 | |w| 49.1 | 2570s
step  20000 | train 0.0000/1.000 | test 26.5475/0.009 | |w| 48.9 | 2702s
step  21000 | train 0.0000/1.000 | test 25.3645/0.012 | |w| 48.7 | 2829s
step  22000 | train 0.0000/1.000 | test 23.6679/0.016 | |w| 48.4 | 2965s
step  23000 | train 0.0000/1.000 | test 21.1455/0.025 | |w| 47.9 | 3105s
step  24000 | train 0.0000/1.000 | test 17.1137/0.051 | |w| 47.2 | 3253s
step  25000 | train 0.0000/1.000 | test 11.5016/0.136 | |w| 45.9 | 3434s
step  26000 | train 0.0000/1.000 | test 6.3888/0.330 | |w| 44.2 | 3684s
step  27000 | train 0.0000/1.000 | test 1.9703/0.694 | |w| 41.8 | 3964s
step  28000 | train 0.0000/1.000 | test 0.0000/1.000 | |w| 33.7 | 4243s
step  29000 | train 0.0000/1.000 | test 0.0000/1.000 | |w| 30.5 | 4525s
step  30000 | train 0.0000/1.000 | test 0.0000/1.000 | |w| 29.9 | 4811s
DONE {"step": 30000, "train_loss": 0.0, "train_acc": 1.0, "test_loss": 0.0, "test_acc": 1.0, "weight_norm": 29.91129, "elapsed": 4810.59873}
