{
  "tag": "F_seed13",
  "op": "add",
  "p": 59,
  "n_train": 1740,
  "n_test": 1741,
  "n_params": 219136,
  "model": {
    "d_vocab": 60,
    "d_vocab_out": 113,
    "n_ctx": 3,
    "d_model": 128,
    "n_heads": 4,
    "d_head": 32,
    "d_mlp": 512,
    "act": "relu",
    "causal": true,
    "init_std": 0.0,
    "init_range": 0.8,
    "seed": 13
  },
  "train": {
    "steps": 6000,
    "lr": 0.001,
    "betas": [
      0.9,
      0.98
    ],
    "eps": 1e-08,
    "weight_decay": 1.0,
    "optimizer": "adamw",
    "warmup_steps": 10,
    "loss_dtype": "float64",
    "log_every": 10,
    "n_log_checkpoints": 45,
    "dense_from": 100,
    "dense_to": 4000,
    "dense_every": 100,
    "seed": 0
  }
}
step      0 | train 4.0869/0.018 | test 4.0846/0.016 | |w| 33.2 | 0s
step   1000 | train 0.0000/1.000 | test 6.4763/0.497 | |w| 45.0 | 123s
step   2000 | train 0.0000/1.000 | test 0.9846/0.832 | |w| 35.7 | 299s
step   3000 | train 0.0000/1.000 | test 0.0768/0.982 | |w| 31.5 | 489s
step   4000 | train 0.0000/1.000 | test 0.0015/0.999 | |w| 29.3 | 688s
step   5000 | train 0.0000/1.000 | test 0.0076/0.998 | |w| 27.6 | 882s
step   6000 | train 0.0000/1.000 | test 0.0309/0.997 | |w| 26.6 | 1096s
DONE {"step": 6000, "train_loss": 0.0, "train_acc": 1.0, "test_loss": 0.03088, "test_acc": 0.99655, "weight_norm": 26.55861, "elapsed": 1096.13316}
