{
  "tag": "Q_sqx_p61",
  "op": "sq_sum_cross",
  "p": 61,
  "n_train": 1860,
  "n_test": 1861,
  "n_params": 219392,
  "model": {
    "d_vocab": 62,
    "d_vocab_out": 113,
    "n_ctx": 3,
    "d_model": 128,
    "n_heads": 4,
    "d_head": 32,
    "d_mlp": 512,
    "act": "relu",
    "causal": true,
    "init_std": 0.0,
    "init_range": 0.8,
    "seed": 0
  },
  "train": {
    "steps": 60000,
    "lr": 0.001,
    "betas": [
      0.9,
      0.98
    ],
    "eps": 1e-08,
    "weight_decay": 1.0,
    "optimizer": "adamw",
    "warmup_steps": 10,
    "loss_dtype": "float64",
    "log_every": 50,
    "n_log_checkpoints": 70,
    "dense_from": 2000,
    "dense_to": 50000,
    "dense_every": 1000,
    "seed": 0
  }
}
step      0 | train 4.1175/0.018 | test 4.1196/0.015 | |w| 33.1 | 0s
step   5000 | train 0.0000/1.000 | test 15.3025/0.492 | |w| 38.7 | 321s
step  10000 | train 0.0000/1.000 | test 15.2215/0.495 | |w| 37.8 | 642s
step  15000 | train 0.0000/1.000 | test 15.1176/0.492 | |w| 37.5 | 956s
step  20000 | train 0.0000/1.000 | test 15.1000/0.498 | |w| 37.2 | 1283s
step  25000 | train 0.0000/1.000 | test 15.1571/0.497 | |w| 37.1 | 1589s
step  30000 | train 0.0000/1.000 | test 15.2228/0.496 | |w| 37.0 | 1899s
step  35000 | train 0.0000/1.000 | test 15.2795/0.498 | |w| 36.9 | 2226s
step  40000 | train 0.0000/1.000 | test 15.2516/0.500 | |w| 36.8 | 2553s
step  45000 | train 0.0000/1.000 | test 15.2119/0.499 | |w| 36.7 | 2866s
step  50000 | train 0.0000/1.000 | test 15.1877/0.497 | |w| 36.7 | 3189s
step  55000 | train 0.0000/1.000 | test 15.1235/0.496 | |w| 36.6 | 3483s
step  60000 | train 0.0000/1.000 | test 15.0860/0.497 | |w| 36.6 | 3780s
DONE {"step": 60000, "train_loss": 0.0, "train_acc": 1.0, "test_loss": 15.08599, "test_acc": 0.49704, "weight_norm": 36.59131, "elapsed": 3780.00964}
