{
  "tag": "Q_sqx_p59",
  "op": "sq_sum_cross",
  "p": 59,
  "n_train": 1740,
  "n_test": 1741,
  "n_params": 219136,
  "model": {
    "d_vocab": 60,
    "d_vocab_out": 113,
    "n_ctx": 3,
    "d_model": 128,
    "n_heads": 4,
    "d_head": 32,
    "d_mlp": 512,
    "act": "relu",
    "causal": true,
    "init_std": 0.0,
    "init_range": 0.8,
    "seed": 0
  },
  "train": {
    "steps": 60000,
    "lr": 0.001,
    "betas": [
      0.9,
      0.98
    ],
    "eps": 1e-08,
    "weight_decay": 1.0,
    "optimizer": "adamw",
    "warmup_steps": 10,
    "loss_dtype": "float64",
    "log_every": 50,
    "n_log_checkpoints": 70,
    "dense_from": 2000,
    "dense_to": 50000,
    "dense_every": 1000,
    "seed": 0
  }
}
step      0 | train 4.0815/0.018 | test 4.0851/0.017 | |w| 33.1 | 0s
step   5000 | train 0.0000/1.000 | test 15.2234/0.494 | |w| 38.1 | 309s
step  10000 | train 0.0000/1.000 | test 15.3383/0.499 | |w| 37.4 | 625s
step  15000 | train 0.0000/1.000 | test 15.4216/0.497 | |w| 37.0 | 933s
step  20000 | train 0.0000/1.000 | test 15.4953/0.497 | |w| 36.8 | 1258s
step  25000 | train 0.0000/1.000 | test 15.4817/0.496 | |w| 36.7 | 1566s
step  30000 | train 0.0000/1.000 | test 15.4185/0.497 | |w| 36.6 | 1873s
step  35000 | train 0.0000/1.000 | test 15.4292/0.497 | |w| 36.5 | 2204s
step  40000 | train 0.0000/1.000 | test 15.4593/0.496 | |w| 36.5 | 2535s
step  45000 | train 0.0000/1.000 | test 15.4898/0.496 | |w| 36.4 | 2854s
step  50000 | train 0.0000/1.000 | test 15.5244/0.495 | |w| 36.4 | 3183s
step  55000 | train 0.0000/1.000 | test 15.5607/0.494 | |w| 36.3 | 3484s
step  60000 | train 0.0000/1.000 | test 15.5794/0.495 | |w| 36.3 | 3786s
DONE {"step": 60000, "train_loss": 0.0, "train_acc": 1.0, "test_loss": 15.57943, "test_acc": 0.49512, "weight_norm": 36.28197, "elapsed": 3785.78671}
