{
  "tag": "R_p59_wd0.3_f0.5_s1",
  "op": "add",
  "p": 59,
  "n_train": 1740,
  "n_test": 1741,
  "n_params": 219136,
  "model": {
    "d_vocab": 60,
    "d_vocab_out": 113,
    "n_ctx": 3,
    "d_model": 128,
    "n_heads": 4,
    "d_head": 32,
    "d_mlp": 512,
    "act": "relu",
    "causal": true,
    "init_std": 0.0,
    "init_range": 0.8,
    "seed": 1
  },
  "train": {
    "steps": 12000,
    "lr": 0.001,
    "betas": [
      0.9,
      0.98
    ],
    "eps": 1e-08,
    "weight_decay": 0.3,
    "optimizer": "adamw",
    "warmup_steps": 10,
    "loss_dtype": "float64",
    "log_every": 20,
    "n_log_checkpoints": 40,
    "dense_from": 200,
    "dense_to": 12000,
    "dense_every": 400,
    "seed": 0
  }
}
step      0 | train 4.0820/0.022 | test 4.0824/0.013 | |w| 33.2 | 0s
step   2000 | train 0.0000/1.000 | test 5.1029/0.573 | |w| 44.8 | 323s
step   4000 | train 0.0000/1.000 | test 0.6228/0.898 | |w| 36.3 | 731s
step   6000 | train 0.0000/1.000 | test 0.0210/0.994 | |w| 30.7 | 1170s
step   8000 | train 0.0000/1.000 | test 0.0000/1.000 | |w| 27.4 | 1613s
step  10000 | train 0.0000/1.000 | test 0.0000/1.000 | |w| 26.1 | 1975s
step  12000 | train 0.0000/1.000 | test 0.0000/1.000 | |w| 25.7 | 2262s
DONE {"step": 12000, "train_loss": 0.0, "train_acc": 1.0, "test_loss": 0.0, "test_acc": 1.0, "weight_norm": 25.67222, "elapsed": 2261.87619}
