{
  "tag": "R_p59_wd1.0_f0.5_s1",
  "op": "add",
  "p": 59,
  "n_train": 1740,
  "n_test": 1741,
  "n_params": 219136,
  "model": {
    "d_vocab": 60,
    "d_vocab_out": 113,
    "n_ctx": 3,
    "d_model": 128,
    "n_heads": 4,
    "d_head": 32,
    "d_mlp": 512,
    "act": "relu",
    "causal": true,
    "init_std": 0.0,
    "init_range": 0.8,
    "seed": 1
  },
  "train": {
    "steps": 12000,
    "lr": 0.001,
    "betas": [
      0.9,
      0.98
    ],
    "eps": 1e-08,
    "weight_decay": 1.0,
    "optimizer": "adamw",
    "warmup_steps": 10,
    "loss_dtype": "float64",
    "log_every": 20,
    "n_log_checkpoints": 40,
    "dense_from": 200,
    "dense_to": 12000,
    "dense_every": 400,
    "seed": 0
  }
}
step      0 | train 4.0820/0.022 | test 4.0824/0.013 | |w| 33.2 | 0s
