{
  "tag": "R_p59_wd0.1_f0.5_s1",
  "op": "add",
  "p": 59,
  "n_train": 1740,
  "n_test": 1741,
  "n_params": 219136,
  "model": {
    "d_vocab": 60,
    "d_vocab_out": 113,
    "n_ctx": 3,
    "d_model": 128,
    "n_heads": 4,
    "d_head": 32,
    "d_mlp": 512,
    "act": "relu",
    "causal": true,
    "init_std": 0.0,
    "init_range": 0.8,
    "seed": 1
  },
  "train": {
    "steps": 12000,
    "lr": 0.001,
    "betas": [
      0.9,
      0.98
    ],
    "eps": 1e-08,
    "weight_decay": 0.1,
    "optimizer": "adamw",
    "warmup_steps": 10,
    "loss_dtype": "float64",
    "log_every": 20,
    "n_log_checkpoints": 40,
    "dense_from": 200,
    "dense_to": 12000,
    "dense_every": 400,
    "seed": 0
  }
}
step      0 | train 4.0820/0.022 | test 4.0824/0.013 | |w| 33.2 | 0s
step   2000 | train 0.0000/1.000 | test 12.1733/0.503 | |w| 52.3 | 321s
step   4000 | train 0.0000/1.000 | test 9.5513/0.512 | |w| 47.7 | 709s
step   6000 | train 0.0000/1.000 | test 7.1642/0.536 | |w| 44.3 | 1122s
step   8000 | train 0.0000/1.000 | test 4.9055/0.590 | |w| 41.6 | 1553s
step  10000 | train 0.0000/1.000 | test 2.9720/0.688 | |w| 39.4 | 1925s
step  12000 | train 0.0000/1.000 | test 1.5347/0.787 | |w| 37.4 | 2232s
DONE {"step": 12000, "train_loss": 0.0, "train_acc": 1.0, "test_loss": 1.53469, "test_acc": 0.7869, "weight_norm": 37.44678, "elapsed": 2231.81838}
