B_add_s0: key frequencies [1, 8, 16, 21, 38] at step 40000
  keep []                       test acc 0.0082 loss 34.0044
  keep [1]                      test acc 0.0934 loss 15.3533
  keep [8]                      test acc 0.0351 loss 32.2711
  keep [16]                     test acc 0.0132 loss 35.8987
  keep [21]                     test acc 0.1021 loss 20.5849
  keep [38]                     test acc 0.0283 loss 31.8258
  keep [1, 8]                   test acc 0.2001 loss 13.0624
  keep [1, 16]                  test acc 0.0997 loss 17.2545
  keep [1, 21]                  test acc 0.7830 loss 0.5697
  keep [1, 38]                  test acc 0.1559 loss 13.8699
  keep [8, 16]                  test acc 0.0422 loss 32.0796
  keep [8, 21]                  test acc 0.1835 loss 19.2734
  keep [8, 38]                  test acc 0.0663 loss 29.2576
  keep [16, 21]                 test acc 0.0808 loss 22.4184
  keep [16, 38]                 test acc 0.0312 loss 33.3280
  keep [21, 38]                 test acc 0.1862 loss 18.4311
  keep [1, 8, 16]               test acc 0.2016 loss 12.9088
  keep [1, 8, 21]               test acc 1.0000 loss 0.0124
  keep [1, 8, 38]               test acc 0.3101 loss 10.1418
  keep [1, 16, 21]              test acc 0.5473 loss 2.6568
  keep [1, 16, 38]              test acc 0.1540 loss 15.2868
  keep [1, 21, 38]              test acc 0.9936 loss 0.0778
  keep [8, 16, 21]              test acc 0.1931 loss 19.1583
  keep [8, 16, 38]              test acc 0.0682 loss 29.0620
  keep [8, 21, 38]              test acc 0.2485 loss 16.6502
  keep [16, 21, 38]             test acc 0.1367 loss 20.1526
  keep [1, 8, 16, 21]           test acc 1.0000 loss 0.0010
  keep [1, 8, 16, 38]           test acc 0.3171 loss 9.9404
  keep [1, 8, 21, 38]           test acc 1.0000 loss 0.0006
  keep [1, 16, 21, 38]          test acc 0.6243 loss 1.8761
  keep [8, 16, 21, 38]          test acc 0.2522 loss 16.5572
  keep [1, 8, 16, 21, 38]       test acc 1.0000 loss 0.0000
  minimal sufficient size 3; redundant: [16]
wrote /mnt/d/Portfolio/grokking-mechinterp/results/B_add_s0_redundancy.json
