=== 16 forecast seeds 09:53:20 ===
[     0s] START F_seed10  (15 queued)
[     0s] START F_seed11  (14 queued)
[     0s] START F_seed12  (13 queued)
[     0s] START F_seed13  (12 queued)
[   715s] OK        F_seed10  (715s)
[   715s] START F_seed14  (11 queued)
[   875s] OK        F_seed12  (875s)
[   875s] START F_seed15  (10 queued)
[  1105s] OK        F_seed13  (1105s)
[  1105s] START F_seed16  (9 queued)
[  1110s] OK        F_seed11  (1110s)
[  1110s] START F_seed17  (8 queued)
[  1330s] OK        F_seed14  (615s)
[  1330s] START F_seed18  (7 queued)
[  1500s] OK        F_seed15  (625s)
[  1500s] START F_seed19  (6 queued)
[  1765s] OK        F_seed17  (655s)
[  1765s] START F_seed20  (5 queued)
[  1965s] OK        F_seed18  (635s)
[  1965s] START F_seed21  (4 queued)
