{
  "tag": "S_p59_wd0.1_f0.35",
  "op": "add",
  "p": 59,
  "n_train": 1218,
  "n_test": 2263,
  "n_params": 219136,
  "model": {
    "d_vocab": 60,
    "d_vocab_out": 113,
    "n_ctx": 3,
    "d_model": 128,
    "n_heads": 4,
    "d_head": 32,
    "d_mlp": 512,
    "act": "relu",
    "causal": true,
    "init_std": 0.0,
    "init_range": 0.8,
    "seed": 0
  },
  "train": {
    "steps": 20000,
    "lr": 0.001,
    "betas": [
      0.9,
      0.98
    ],
    "eps": 1e-08,
    "weight_decay": 0.1,
    "optimizer": "adamw",
    "warmup_steps": 10,
    "loss_dtype": "float64",
    "log_every": 20,
    "n_log_checkpoints": 60,
    "dense_from": 2000,
    "dense_to": 18000,
    "dense_every": 500,
    "seed": 0
  }
}
step      0 | train 4.0839/0.017 | test 4.0828/0.016 | |w| 33.1 | 0s
step   2000 | train 0.0000/1.000 | test 42.8691/0.038 | |w| 53.0 | 110s
step   4000 | train 0.0000/1.000 | test 40.6329/0.037 | |w| 48.7 | 230s
step   6000 | train 0.0000/1.000 | test 39.0946/0.038 | |w| 45.9 | 346s
step   8000 | train 0.0000/1.000 | test 37.9369/0.042 | |w| 43.9 | 459s
step  10000 | train 0.0000/1.000 | test 36.9806/0.042 | |w| 42.6 | 570s
step  12000 | train 0.0000/1.000 | test 36.1711/0.043 | |w| 41.6 | 678s
step  14000 | train 0.0000/1.000 | test 35.4914/0.042 | |w| 40.9 | 816s
step  16000 | train 0.0000/1.000 | test 34.9417/0.044 | |w| 40.4 | 961s
step  18000 | train 0.0000/1.000 | test 34.4508/0.045 | |w| 40.0 | 1104s
step  20000 | train 0.0000/1.000 | test 33.9896/0.046 | |w| 39.6 | 1238s
DONE {"step": 20000, "train_loss": 0.0, "train_acc": 1.0, "test_loss": 33.98956, "test_acc": 0.04551, "weight_norm": 39.62368, "elapsed": 1237.77606}
