{
  "tag": "S_p59_wd1.0_f0.25",
  "op": "add",
  "p": 59,
  "n_train": 870,
  "n_test": 2611,
  "n_params": 219136,
  "model": {
    "d_vocab": 60,
    "d_vocab_out": 113,
    "n_ctx": 3,
    "d_model": 128,
    "n_heads": 4,
    "d_head": 32,
    "d_mlp": 512,
    "act": "relu",
    "causal": true,
    "init_std": 0.0,
    "init_range": 0.8,
    "seed": 0
  },
  "train": {
    "steps": 20000,
    "lr": 0.001,
    "betas": [
      0.9,
      0.98
    ],
    "eps": 1e-08,
    "weight_decay": 1.0,
    "optimizer": "adamw",
    "warmup_steps": 10,
    "loss_dtype": "float64",
    "log_every": 20,
    "n_log_checkpoints": 60,
    "dense_from": 2000,
    "dense_to": 18000,
    "dense_every": 500,
    "seed": 0
  }
}
step      0 | train 4.0860/0.020 | test 4.0823/0.015 | |w| 33.1 | 0s
step   2000 | train 0.0000/1.000 | test 39.7052/0.008 | |w| 37.3 | 109s
step   4000 | train 0.0000/1.000 | test 39.4269/0.008 | |w| 35.0 | 226s
step   6000 | train 0.0000/1.000 | test 38.9294/0.011 | |w| 34.4 | 340s
step   8000 | train 0.0000/1.000 | test 38.4385/0.010 | |w| 34.0 | 459s
step  10000 | train 0.0000/1.000 | test 37.9842/0.011 | |w| 33.7 | 571s
step  12000 | train 0.0000/1.000 | test 37.6862/0.012 | |w| 33.5 | 684s
step  14000 | train 0.0000/1.000 | test 37.4703/0.013 | |w| 33.3 | 796s
step  16000 | train 0.0000/1.000 | test 37.2098/0.013 | |w| 33.2 | 909s
step  18000 | train 0.0000/1.000 | test 36.9095/0.013 | |w| 33.1 | 1022s
step  20000 | train 0.0000/1.000 | test 36.5946/0.013 | |w| 33.0 | 1131s
DONE {"step": 20000, "train_loss": 0.0, "train_acc": 1.0, "test_loss": 36.59457, "test_acc": 0.01302, "weight_norm": 32.96582, "elapsed": 1130.6034}
