{
  "tag": "S_p59_wd3.0_f0.35",
  "op": "add",
  "p": 59,
  "n_train": 1218,
  "n_test": 2263,
  "n_params": 219136,
  "model": {
    "d_vocab": 60,
    "d_vocab_out": 113,
    "n_ctx": 3,
    "d_model": 128,
    "n_heads": 4,
    "d_head": 32,
    "d_mlp": 512,
    "act": "relu",
    "causal": true,
    "init_std": 0.0,
    "init_range": 0.8,
    "seed": 0
  },
  "train": {
    "steps": 20000,
    "lr": 0.001,
    "betas": [
      0.9,
      0.98
    ],
    "eps": 1e-08,
    "weight_decay": 3.0,
    "optimizer": "adamw",
    "warmup_steps": 10,
    "loss_dtype": "float64",
    "log_every": 20,
    "n_log_checkpoints": 60,
    "dense_from": 2000,
    "dense_to": 18000,
    "dense_every": 500,
    "seed": 0
  }
}
step      0 | train 4.0839/0.017 | test 4.0828/0.016 | |w| 33.1 | 0s
step   2000 | train 0.0000/1.000 | test 23.3912/0.087 | |w| 36.5 | 125s
step   4000 | train 0.0000/1.000 | test 20.3506/0.101 | |w| 35.3 | 251s
step   6000 | train 0.0000/1.000 | test 17.8718/0.123 | |w| 34.7 | 381s
step   8000 | train 0.0000/1.000 | test 15.6650/0.153 | |w| 34.2 | 511s
step  10000 | train 0.0000/1.000 | test 13.4191/0.207 | |w| 33.7 | 657s
step  12000 | train 0.0000/1.000 | test 9.9719/0.289 | |w| 33.0 | 833s
step  14000 | train 0.0000/1.000 | test 2.1382/0.710 | |w| 30.8 | 987s
step  16000 | train 0.0000/1.000 | test 0.0001/1.000 | |w| 26.0 | 1106s
step  18000 | train 0.0000/1.000 | test 0.0000/1.000 | |w| 25.7 | 1221s
step  20000 | train 0.0000/1.000 | test 0.0000/1.000 | |w| 25.7 | 1335s
DONE {"step": 20000, "train_loss": 0.0, "train_acc": 1.0, "test_loss": 2e-05, "test_acc": 1.0, "weight_norm": 25.66699, "elapsed": 1335.07667}
