{
  "tag": "S_p59_wd3.0_f0.5",
  "op": "add",
  "p": 59,
  "n_train": 1740,
  "n_test": 1741,
  "n_params": 219136,
  "model": {
    "d_vocab": 60,
    "d_vocab_out": 113,
    "n_ctx": 3,
    "d_model": 128,
    "n_heads": 4,
    "d_head": 32,
    "d_mlp": 512,
    "act": "relu",
    "causal": true,
    "init_std": 0.0,
    "init_range": 0.8,
    "seed": 0
  },
  "train": {
    "steps": 20000,
    "lr": 0.001,
    "betas": [
      0.9,
      0.98
    ],
    "eps": 1e-08,
    "weight_decay": 3.0,
    "optimizer": "adamw",
    "warmup_steps": 10,
    "loss_dtype": "float64",
    "log_every": 20,
    "n_log_checkpoints": 60,
    "dense_from": 2000,
    "dense_to": 18000,
    "dense_every": 500,
    "seed": 0
  }
}
step      0 | train 4.0830/0.014 | test 4.0834/0.018 | |w| 33.1 | 0s
step   2000 | train 0.0000/1.000 | test 0.0000/1.000 | |w| 24.4 | 164s
step   4000 | train 0.0000/1.000 | test 0.0000/1.000 | |w| 24.2 | 346s
step   6000 | train 0.0000/1.000 | test 0.0000/1.000 | |w| 24.2 | 497s
step   8000 | train 0.0000/1.000 | test 0.0000/1.000 | |w| 24.2 | 615s
step  10000 | train 0.0000/1.000 | test 0.0000/1.000 | |w| 24.2 | 707s
step  12000 | train 0.0000/1.000 | test 0.0000/1.000 | |w| 24.2 | 828s
step  14000 | train 0.0000/1.000 | test 0.0000/1.000 | |w| 24.2 | 934s
step  16000 | train 0.0000/1.000 | test 0.0000/1.000 | |w| 24.2 | 1049s
step  18000 | train 0.0000/1.000 | test 0.0000/1.000 | |w| 24.2 | 1147s
step  20000 | train 0.0000/1.000 | test 0.0000/1.000 | |w| 24.2 | 1272s
DONE {"step": 20000, "train_loss": 0.0, "train_acc": 1.0, "test_loss": 0.0, "test_acc": 1.0, "weight_norm": 24.15321, "elapsed": 1272.03901}
