{
  "tag": "S_p59_wd0.3_f0.35",
  "op": "add",
  "p": 59,
  "n_train": 1218,
  "n_test": 2263,
  "n_params": 219136,
  "model": {
    "d_vocab": 60,
    "d_vocab_out": 113,
    "n_ctx": 3,
    "d_model": 128,
    "n_heads": 4,
    "d_head": 32,
    "d_mlp": 512,
    "act": "relu",
    "causal": true,
    "init_std": 0.0,
    "init_range": 0.8,
    "seed": 0
  },
  "train": {
    "steps": 20000,
    "lr": 0.001,
    "betas": [
      0.9,
      0.98
    ],
    "eps": 1e-08,
    "weight_decay": 0.3,
    "optimizer": "adamw",
    "warmup_steps": 10,
    "loss_dtype": "float64",
    "log_every": 20,
    "n_log_checkpoints": 60,
    "dense_from": 2000,
    "dense_to": 18000,
    "dense_every": 500,
    "seed": 0
  }
}
step      0 | train 4.0839/0.017 | test 4.0828/0.016 | |w| 33.1 | 0s
step   2000 | train 0.0000/1.000 | test 35.6463/0.047 | |w| 47.1 | 131s
step   4000 | train 0.0000/1.000 | test 33.6523/0.047 | |w| 41.6 | 267s
step   6000 | train 0.0000/1.000 | test 32.3312/0.051 | |w| 39.7 | 400s
step   8000 | train 0.0000/1.000 | test 31.4130/0.051 | |w| 38.8 | 534s
step  10000 | train 0.0000/1.000 | test 30.8122/0.055 | |w| 38.2 | 667s
step  12000 | train 0.0000/1.000 | test 30.3326/0.054 | |w| 37.9 | 800s
step  14000 | train 0.0000/1.000 | test 29.9013/0.054 | |w| 37.6 | 931s
step  16000 | train 0.0000/1.000 | test 29.4970/0.054 | |w| 37.4 | 1070s
step  18000 | train 0.0000/1.000 | test 29.1644/0.054 | |w| 37.2 | 1208s
step  20000 | train 0.0000/1.000 | test 28.8654/0.054 | |w| 37.0 | 1346s
DONE {"step": 20000, "train_loss": 0.0, "train_acc": 1.0, "test_loss": 28.8654, "test_acc": 0.05435, "weight_norm": 36.98441, "elapsed": 1345.97898}
