{
  "tag": "S_p59_wd0.1_f0.25",
  "op": "add",
  "p": 59,
  "n_train": 870,
  "n_test": 2611,
  "n_params": 219136,
  "model": {
    "d_vocab": 60,
    "d_vocab_out": 113,
    "n_ctx": 3,
    "d_model": 128,
    "n_heads": 4,
    "d_head": 32,
    "d_mlp": 512,
    "act": "relu",
    "causal": true,
    "init_std": 0.0,
    "init_range": 0.8,
    "seed": 0
  },
  "train": {
    "steps": 20000,
    "lr": 0.001,
    "betas": [
      0.9,
      0.98
    ],
    "eps": 1e-08,
    "weight_decay": 0.1,
    "optimizer": "adamw",
    "warmup_steps": 10,
    "loss_dtype": "float64",
    "log_every": 20,
    "n_log_checkpoints": 60,
    "dense_from": 2000,
    "dense_to": 18000,
    "dense_every": 500,
    "seed": 0
  }
}
step      0 | train 4.0860/0.020 | test 4.0823/0.015 | |w| 33.1 | 0s
step   2000 | train 0.0000/1.000 | test 54.2966/0.005 | |w| 51.2 | 95s
step   4000 | train 0.0000/1.000 | test 52.2667/0.006 | |w| 46.8 | 203s
step   6000 | train 0.0000/1.000 | test 50.9358/0.006 | |w| 43.8 | 310s
step   8000 | train 0.0000/1.000 | test 49.9581/0.006 | |w| 41.7 | 415s
step  10000 | train 0.0000/1.000 | test 49.1988/0.007 | |w| 40.3 | 518s
step  12000 | train 0.0000/1.000 | test 48.6034/0.008 | |w| 39.3 | 618s
step  14000 | train 0.0000/1.000 | test 48.1191/0.009 | |w| 38.6 | 718s
step  16000 | train 0.0000/1.000 | test 47.6820/0.008 | |w| 38.0 | 856s
step  18000 | train 0.0000/1.000 | test 47.2801/0.008 | |w| 37.6 | 988s
step  20000 | train 0.0000/1.000 | test 46.9607/0.009 | |w| 37.3 | 1120s
DONE {"step": 20000, "train_loss": 0.0, "train_acc": 1.0, "test_loss": 46.9607, "test_acc": 0.00881, "weight_norm": 37.26227, "elapsed": 1120.37107}
