{
  "tag": "S_p59_wd0.1_f0.5",
  "op": "add",
  "p": 59,
  "n_train": 1740,
  "n_test": 1741,
  "n_params": 219136,
  "model": {
    "d_vocab": 60,
    "d_vocab_out": 113,
    "n_ctx": 3,
    "d_model": 128,
    "n_heads": 4,
    "d_head": 32,
    "d_mlp": 512,
    "act": "relu",
    "causal": true,
    "init_std": 0.0,
    "init_range": 0.8,
    "seed": 0
  },
  "train": {
    "steps": 20000,
    "lr": 0.001,
    "betas": [
      0.9,
      0.98
    ],
    "eps": 1e-08,
    "weight_decay": 0.1,
    "optimizer": "adamw",
    "warmup_steps": 10,
    "loss_dtype": "float64",
    "log_every": 20,
    "n_log_checkpoints": 60,
    "dense_from": 2000,
    "dense_to": 18000,
    "dense_every": 500,
    "seed": 0
  }
}
step      0 | train 4.0830/0.014 | test 4.0834/0.018 | |w| 33.1 | 0s
step   2000 | train 0.0000/1.000 | test 16.7930/0.357 | |w| 53.0 | 131s
step   4000 | train 0.0000/1.000 | test 12.9130/0.416 | |w| 48.5 | 272s
step   6000 | train 0.0000/1.000 | test 9.0008/0.477 | |w| 45.1 | 412s
step   8000 | train 0.0000/1.000 | test 4.6539/0.578 | |w| 42.2 | 555s
step  10000 | train 0.0000/1.000 | test 1.1529/0.797 | |w| 39.4 | 702s
step  12000 | train 0.0000/1.000 | test 0.1265/0.967 | |w| 36.7 | 909s
step  14000 | train 0.0000/1.000 | test 0.0075/0.998 | |w| 34.3 | 1126s
step  16000 | train 0.0000/1.000 | test 0.0001/1.000 | |w| 32.3 | 1342s
step  18000 | train 0.0000/1.000 | test 0.0000/1.000 | |w| 30.7 | 1565s
step  20000 | train 0.0000/1.000 | test 0.0000/1.000 | |w| 29.4 | 1800s
DONE {"step": 20000, "train_loss": 0.0, "train_acc": 1.0, "test_loss": 0.0, "test_acc": 1.0, "weight_norm": 29.42274, "elapsed": 1799.52761}
