183 checkpoints, steps 0 .. 25000
key frequencies from the FINAL checkpoint (step 25000):
    rule_a_embedding_norm    [1, 8, 21, 38]
    rule_b_neuron_cluster    [1, 8, 21, 38]
    rule_c_power_gap         [1, 8, 21, 38]
    -> used                  [1, 8, 21, 38]   Jaccard 1.000 agree=True
  key frequencies carry 0.9693 of embedding power; Gini(W_E) 0.9245; 0.8438 of neurons above 0.85 explained
  [1/183] step      0 test_acc 0.008 restr 4.73e+00 excl 4.735 a+b 0.0001 (2s)
  [11/183] step     10 test_acc 0.006 restr 4.74e+00 excl 4.706 a+b 0.0001 (18s)
  [21/183] step     23 test_acc 0.005 restr 4.74e+00 excl 4.654 a+b 0.0000 (33s)
  [31/183] step     55 test_acc 0.004 restr 4.74e+00 excl 4.241 a+b 0.0003 (48s)
  [41/183] step    128 test_acc 0.004 restr 4.90e+00 excl 1.704 a+b 0.0088 (62s)
  [51/183] step    299 test_acc 0.007 restr 4.99e+00 excl 0.052 a+b 0.0173 (72s)
  [61/183] step    701 test_acc 0.011 restr 4.31e+00 excl 0.004 a+b 0.0261 (81s)
  [71/183] step   1642 test_acc 0.017 restr 3.40e+00 excl 0.002 a+b 0.0474 (90s)
  [81/183] step   3845 test_acc 0.029 restr 2.11e+00 excl 0.236 a+b 0.1662 (100s)
  [91/183] step   6000 test_acc 0.057 restr 1.10e+00 excl 2.879 a+b 0.4309 (109s)
  [101/183] step   7750 test_acc 0.141 restr 2.85e-01 excl 7.892 a+b 0.6424 (119s)
  [111/183] step   9750 test_acc 0.896 restr 1.40e-06 excl 20.863 a+b 0.8456 (128s)
  [121/183] step  11623 test_acc 1.000 restr 3.32e-08 excl 7.384 a+b 0.9814 (138s)
  [131/183] step  13750 test_acc 1.000 restr 3.74e-08 excl 6.575 a+b 0.9861 (148s)
  [141/183] step  15750 test_acc 1.000 restr 3.63e-08 excl 6.710 a+b 0.9861 (158s)
  [151/183] step  17787 test_acc 1.000 restr 3.65e-08 excl 6.750 a+b 0.9863 (168s)
  [161/183] step  20000 test_acc 1.000 restr 3.73e-08 excl 6.706 a+b 0.9867 (177s)
  [171/183] step  22250 test_acc 1.000 restr 3.48e-08 excl 6.782 a+b 0.9863 (186s)
  [181/183] step  24500 test_acc 1.000 restr 3.02e-08 excl 7.094 a+b 0.9829 (195s)
  [183/183] step  25000 test_acc 1.000 restr 3.04e-08 excl 7.062 a+b 0.9831 (197s)
wrote /mnt/d/Portfolio/grokking-mechinterp/results/C_add_nowarm_analysis.json  (197s)
