184 checkpoints, steps 0 .. 30000
key frequencies from the FINAL checkpoint (step 30000):
    rule_a_embedding_norm    [8, 13, 53]
    rule_b_neuron_cluster    [8, 13, 17, 53]
    rule_c_power_gap         [8, 13, 53]
    -> used                  [8, 13, 17, 53]   Jaccard 0.750 agree=False
    NOTE: rules disagree; the union is used and this must be stated in the write-up
  key frequencies carry 0.9925 of embedding power; Gini(W_E) 0.9467; 0.9668 of neurons above 0.85 explained
  [1/184] step      0 test_acc 0.009 restr 4.73e+00 excl 4.734 a+b 0.0001 (2s)
  [11/184] step     10 test_acc 0.008 restr 4.74e+00 excl 4.713 a+b 0.0001 (17s)
  [21/184] step     25 test_acc 0.003 restr 4.74e+00 excl 4.664 a+b 0.0000 (32s)
  [31/184] step     59 test_acc 0.002 restr 4.76e+00 excl 4.229 a+b 0.0003 (48s)
  [41/184] step    139 test_acc 0.001 restr 5.36e+00 excl 1.466 a+b 0.0051 (63s)
  [51/184] step    332 test_acc 0.001 restr 6.62e+00 excl 0.011 a+b 0.0071 (79s)
  [61/184] step    789 test_acc 0.001 restr 6.92e+00 excl 0.000 a+b 0.0089 (94s)
  [71/184] step   1876 test_acc 0.001 restr 7.29e+00 excl 0.000 a+b 0.0122 (110s)
  [81/184] step   4461 test_acc 0.002 restr 7.08e+00 excl 0.000 a+b 0.0202 (125s)
  [91/184] step   6308 test_acc 0.003 restr 7.15e+00 excl 0.000 a+b 0.0261 (140s)
  [101/184] step   8180 test_acc 0.003 restr 7.30e+00 excl 0.000 a+b 0.0323 (156s)
  [111/184] step  10000 test_acc 0.003 restr 7.48e+00 excl 0.000 a+b 0.0386 (172s)
  [121/184] step  12000 test_acc 0.003 restr 7.71e+00 excl 0.000 a+b 0.0449 (186s)
  [131/184] step  14000 test_acc 0.004 restr 7.94e+00 excl 0.000 a+b 0.0507 (201s)
  [141/184] step  16250 test_acc 0.005 restr 8.18e+00 excl 0.000 a+b 0.0578 (216s)
  [151/184] step  18250 test_acc 0.007 restr 8.38e+00 excl 0.000 a+b 0.0634 (232s)
  [161/184] step  20500 test_acc 0.010 restr 8.56e+00 excl 0.000 a+b 0.0674 (247s)
  [171/184] step  22750 test_acc 0.022 restr 8.57e+00 excl 0.000 a+b 0.0602 (262s)
  [181/184] step  25000 test_acc 0.136 restr 9.22e+00 excl 0.000 a+b 0.0198 (277s)
  [184/184] step  30000 test_acc 1.000 restr 1.05e+01 excl 0.000 a+b 0.0001 (282s)
wrote /mnt/d/Portfolio/grokking-mechinterp/results/B_sub_s0_analysis.json  (282s)
