184 checkpoints, steps 0 .. 30000
key frequencies from the FINAL checkpoint (step 30000):
    rule_a_embedding_norm    [1, 2, 3, 4, 5, 6, 7, 8, 9, 10, 11, 12, 13, 14, 15, 16, 17, 18, 19, 20, 21, 22, 23, 24, 25, 26, 27, 28, 29, 30, 31, 32, 33, 34, 35, 36, 37, 38, 39, 40, 41, 42, 43, 44, 45, 46, 47, 48, 49, 50, 51, 52, 53, 54, 55, 56]
    rule_b_neuron_cluster    []
    rule_c_power_gap         [1, 42, 47, 54]
    -> used                  [1, 2, 3, 4, 5, 6, 7, 8, 9, 10, 11, 12, 13, 14, 15, 16, 17, 18, 19, 20, 21, 22, 23, 24, 25, 26, 27, 28, 29, 30, 31, 32, 33, 34, 35, 36, 37, 38, 39, 40, 41, 42, 43, 44, 45, 46, 47, 48, 49, 50, 51, 52, 53, 54, 55, 56]   Jaccard 0.000 agree=False
    NOTE: rules disagree; the union is used and this must be stated in the write-up
  key frequencies carry 0.1071 of embedding power; Gini(W_E) 0.1344; 0.0000 of neurons above 0.85 explained
  [1/184] step      0 test_acc 0.009 restr 4.73e+00 excl 4.734 a+b 0.0001 (1s)
  [11/184] step     10 test_acc 0.009 restr 4.73e+00 excl 4.707 a+b 0.0001 (11s)
  [21/184] step     25 test_acc 0.009 restr 4.73e+00 excl 4.630 a+b 0.0000 (21s)
  [31/184] step     59 test_acc 0.016 restr 4.75e+00 excl 3.957 a+b 0.0002 (30s)
  [41/184] step    139 test_acc 0.094 restr 5.60e+00 excl 1.256 a+b 0.0031 (40s)
  [51/184] step    332 test_acc 0.167 restr 8.00e+00 excl 0.012 a+b 0.0043 (50s)
  [61/184] step    789 test_acc 0.182 restr 8.58e+00 excl 0.000 a+b 0.0051 (59s)
  [71/184] step   1876 test_acc 0.184 restr 9.52e+00 excl 0.000 a+b 0.0056 (70s)
  [81/184] step   4461 test_acc 0.174 restr 8.83e+00 excl 0.000 a+b 0.0059 (80s)
  [91/184] step   6308 test_acc 0.167 restr 8.66e+00 excl 0.000 a+b 0.0060 (90s)
  [101/184] step   8180 test_acc 0.160 restr 8.51e+00 excl 0.000 a+b 0.0061 (99s)
  [111/184] step  10000 test_acc 0.156 restr 8.36e+00 excl 0.000 a+b 0.0062 (109s)
  [121/184] step  12000 test_acc 0.149 restr 8.22e+00 excl 0.000 a+b 0.0063 (118s)
  [131/184] step  14000 test_acc 0.144 restr 8.14e+00 excl 0.000 a+b 0.0063 (128s)
  [141/184] step  16250 test_acc 0.137 restr 8.09e+00 excl 0.000 a+b 0.0064 (138s)
  [151/184] step  18250 test_acc 0.132 restr 8.00e+00 excl 0.000 a+b 0.0065 (148s)
  [161/184] step  20500 test_acc 0.128 restr 8.00e+00 excl 0.000 a+b 0.0065 (158s)
  [171/184] step  22750 test_acc 0.123 restr 7.94e+00 excl 0.000 a+b 0.0065 (168s)
  [181/184] step  25000 test_acc 0.119 restr 7.84e+00 excl 0.000 a+b 0.0066 (177s)
  [184/184] step  30000 test_acc 0.114 restr 7.62e+00 excl 0.000 a+b 0.0067 (180s)
wrote /mnt/d/Portfolio/grokking-mechinterp/results/B_sqx_p113_analysis.json  (180s)
