114 checkpoints, steps 0 .. 60000
key frequencies from the FINAL checkpoint (step 60000):
    rule_a_embedding_norm    [1, 2, 3, 4, 5, 6, 7, 8, 9, 10, 11, 12, 13, 14, 15, 16, 17, 18, 19, 20, 21, 22, 23, 24, 25, 26, 27, 28, 29]
    rule_b_neuron_cluster    []
    rule_c_power_gap         [1, 9, 10, 13, 15, 18, 22, 23, 25]
    -> used                  [1, 2, 3, 4, 5, 6, 7, 8, 9, 10, 11, 12, 13, 14, 15, 16, 17, 18, 19, 20, 21, 22, 23, 24, 25, 26, 27, 28, 29]   Jaccard 0.000 agree=False
    NOTE: rules disagree; the union is used and this must be stated in the write-up
  key frequencies carry 0.4042 of embedding power; Gini(W_E) 0.1314; 0.0000 of neurons above 0.85 explained
  [1/114] step      0 test_acc 0.017 restr 4.08e+00 excl 4.081 a+b 0.0003 (0s)
  [11/114] step     11 test_acc 0.010 restr 4.09e+00 excl 4.039 a+b 0.0001 (1s)
  [21/114] step     54 test_acc 0.030 restr 4.10e+00 excl 3.225 a+b 0.0004 (2s)
  [31/114] step    265 test_acc 0.431 restr 6.89e+00 excl 0.019 a+b 0.0076 (3s)
  [41/114] step   1307 test_acc 0.486 restr 8.87e+00 excl 0.000 a+b 0.0106 (4s)
  [51/114] step   4000 test_acc 0.495 restr 9.10e+00 excl 0.000 a+b 0.0115 (5s)
  [61/114] step   9000 test_acc 0.500 restr 8.77e+00 excl 0.000 a+b 0.0123 (6s)
  [71/114] step  16000 test_acc 0.497 restr 8.66e+00 excl 0.000 a+b 0.0127 (7s)
  [81/114] step  23049 test_acc 0.497 restr 8.59e+00 excl 0.000 a+b 0.0129 (8s)
  [91/114] step  31707 test_acc 0.497 restr 8.55e+00 excl 0.000 a+b 0.0132 (10s)
  [101/114] step  40000 test_acc 0.496 restr 8.39e+00 excl 0.000 a+b 0.0134 (11s)
  [111/114] step  49000 test_acc 0.495 restr 8.25e+00 excl 0.000 a+b 0.0136 (13s)
  [114/114] step  60000 test_acc 0.495 restr 8.22e+00 excl 0.000 a+b 0.0137 (13s)
wrote /mnt/d/Portfolio/grokking-mechinterp/results/Q_sqx_p59_analysis.json  (13s)
