165 checkpoints, steps 0 .. 40000
key frequencies from the FINAL checkpoint (step 40000):
    rule_a_embedding_norm    [1, 2, 3, 4, 5, 6, 7, 8, 9, 10, 11, 12, 13, 14, 15, 16, 17, 18, 19, 20, 21, 22, 23, 24, 25, 26, 27, 28, 29, 30, 31, 32, 33, 34, 35, 36, 37, 38, 39, 40, 41, 42, 43, 44, 45, 46, 47, 48, 49, 50, 51, 52, 53, 54, 55, 56]
    rule_b_neuron_cluster    []
    rule_c_power_gap         [26, 33]
    -> used                  [1, 2, 3, 4, 5, 6, 7, 8, 9, 10, 11, 12, 13, 14, 15, 16, 17, 18, 19, 20, 21, 22, 23, 24, 25, 26, 27, 28, 29, 30, 31, 32, 33, 34, 35, 36, 37, 38, 39, 40, 41, 42, 43, 44, 45, 46, 47, 48, 49, 50, 51, 52, 53, 54, 55, 56]   Jaccard 0.000 agree=False
    NOTE: rules disagree; the union is used and this must be stated in the write-up
  key frequencies carry 0.0387 of embedding power; Gini(W_E) 0.0176; 0.0000 of neurons above 0.85 explained
  [1/165] step      0 test_acc 0.009 restr 4.73e+00 excl 4.732 a+b 0.0001 (2s)
  [11/165] step     10 test_acc 0.018 restr 4.74e+00 excl 4.707 a+b 0.0001 (17s)
  [21/165] step     25 test_acc 0.021 restr 4.74e+00 excl 4.612 a+b 0.0000 (34s)
  [31/165] step     60 test_acc 0.022 restr 4.84e+00 excl 4.235 a+b 0.0002 (50s)
  [41/165] step    146 test_acc 0.026 restr 5.55e+00 excl 1.352 a+b 0.0038 (64s)
  [51/165] step    357 test_acc 0.030 restr 6.60e+00 excl 0.010 a+b 0.0051 (81s)
  [61/165] step    869 test_acc 0.035 restr 6.79e+00 excl 0.000 a+b 0.0058 (96s)
  [71/165] step   2118 test_acc 0.043 restr 6.76e+00 excl 0.000 a+b 0.0066 (112s)
  [81/165] step   5000 test_acc 0.090 restr 7.07e+00 excl 0.000 a+b 0.0079 (127s)
  [91/165] step   6739 test_acc 0.286 restr 9.12e+00 excl 0.000 a+b 0.0089 (144s)
  [101/165] step   8500 test_acc 1.000 restr 1.77e+01 excl 0.000 a+b 0.0091 (159s)
  [111/165] step  10500 test_acc 1.000 restr 1.67e+01 excl 0.000 a+b 0.0089 (175s)
  [121/165] step  12500 test_acc 1.000 restr 2.27e+01 excl 0.000 a+b 0.0088 (190s)
  [131/165] step  14500 test_acc 1.000 restr 2.49e+01 excl 0.000 a+b 0.0087 (207s)
  [141/165] step  16500 test_acc 1.000 restr 2.68e+01 excl 0.000 a+b 0.0086 (223s)
  [151/165] step  18750 test_acc 1.000 restr 3.32e+01 excl 0.000 a+b 0.0086 (238s)
  [161/165] step  28014 test_acc 1.000 restr 3.19e+01 excl 0.000 a+b 0.0086 (254s)
  [165/165] step  40000 test_acc 1.000 restr 2.39e+01 excl 0.001 a+b 0.0087 (261s)
wrote /mnt/d/Portfolio/grokking-mechinterp/results/B_mul_s0_analysis.json  (262s)
