184 checkpoints, steps 0 .. 30000
key frequencies from the FINAL checkpoint (step 30000):
    rule_a_embedding_norm    [1, 2, 3, 4, 5, 6, 7, 8, 9, 10, 11, 12, 13, 14, 15, 16, 17, 18, 19, 20, 21, 22, 23, 24, 25, 26, 27, 28, 29, 30, 31, 32, 33, 34, 35, 36, 37, 38, 39, 40, 41, 42, 43, 44, 45, 46, 47, 48, 49, 50, 51, 52, 53, 54]
    rule_b_neuron_cluster    []
    rule_c_power_gap         [19, 28, 36, 46]
    -> used                  [1, 2, 3, 4, 5, 6, 7, 8, 9, 10, 11, 12, 13, 14, 15, 16, 17, 18, 19, 20, 21, 22, 23, 24, 25, 26, 27, 28, 29, 30, 31, 32, 33, 34, 35, 36, 37, 38, 39, 40, 41, 42, 43, 44, 45, 46, 47, 48, 49, 50, 51, 52, 53, 54]   Jaccard 0.000 agree=False
    NOTE: rules disagree; the union is used and this must be stated in the write-up
  key frequencies carry 0.1166 of embedding power; Gini(W_E) 0.1435; 0.0000 of neurons above 0.85 explained
  [1/184] step      0 test_acc 0.010 restr 4.70e+00 excl 4.698 a+b 0.0001 (1s)
  [11/184] step     10 test_acc 0.018 restr 4.69e+00 excl 4.672 a+b 0.0001 (9s)
  [21/184] step     25 test_acc 0.018 restr 4.70e+00 excl 4.596 a+b 0.0000 (19s)
  [31/184] step     59 test_acc 0.017 restr 4.71e+00 excl 3.909 a+b 0.0002 (28s)
  [41/184] step    139 test_acc 0.066 restr 5.64e+00 excl 1.010 a+b 0.0035 (37s)
  [51/184] step    332 test_acc 0.092 restr 7.98e+00 excl 0.012 a+b 0.0047 (46s)
  [61/184] step    789 test_acc 0.104 restr 8.65e+00 excl 0.000 a+b 0.0055 (54s)
  [71/184] step   1876 test_acc 0.113 restr 8.37e+00 excl 0.000 a+b 0.0060 (63s)
  [81/184] step   4461 test_acc 0.117 restr 7.45e+00 excl 0.000 a+b 0.0065 (72s)
  [91/184] step   6308 test_acc 0.113 restr 7.25e+00 excl 0.000 a+b 0.0066 (81s)
  [101/184] step   8180 test_acc 0.110 restr 7.10e+00 excl 0.000 a+b 0.0068 (90s)
  [111/184] step  10000 test_acc 0.107 restr 7.06e+00 excl 0.000 a+b 0.0069 (99s)
  [121/184] step  12000 test_acc 0.102 restr 7.02e+00 excl 0.000 a+b 0.0070 (109s)
  [131/184] step  14000 test_acc 0.096 restr 6.92e+00 excl 0.000 a+b 0.0070 (118s)
  [141/184] step  16250 test_acc 0.094 restr 6.85e+00 excl 0.000 a+b 0.0071 (126s)
  [151/184] step  18250 test_acc 0.095 restr 6.83e+00 excl 0.000 a+b 0.0072 (133s)
  [161/184] step  20500 test_acc 0.096 restr 6.78e+00 excl 0.000 a+b 0.0073 (139s)
  [171/184] step  22750 test_acc 0.095 restr 6.75e+00 excl 0.000 a+b 0.0074 (145s)
  [181/184] step  25000 test_acc 0.094 restr 6.69e+00 excl 0.000 a+b 0.0075 (152s)
  [184/184] step  30000 test_acc 0.089 restr 6.61e+00 excl 0.000 a+b 0.0076 (154s)
wrote /mnt/d/Portfolio/grokking-mechinterp/results/B_sqx_p109_analysis.json  (154s)
