=== wave w1 starting 13:01:15 ===
[     0s] START B_add_s0  (1 queued)
[     0s] START B_mul_s0  (0 queued)
[  8111s] OK        B_add_s0  (8111s)
[  9556s] OK        B_mul_s0  (9556s)

2 jobs finished in 9556s; 0 failed
=== wave w1 done 15:40:31 ===
=== wave w2 starting 15:40:31 ===
[     0s] START B_sub_s0  (1 queued)
[     0s] START B_add_s1  (0 queued)
[  4820s] OK        B_sub_s0  (4820s)
[  6365s] OK        B_add_s1  (6365s)

2 jobs finished in 6365s; 0 failed
=== wave w2 done 17:26:37 ===
=== wave w3 starting 17:26:37 ===
[     0s] START B_sqx_p113  (1 queued)
[     0s] START B_sqx_p109  (0 queued)
[  4550s] OK        B_sqx_p109  (4550s)
[  4750s] OK        B_sqx_p113  (4750s)

2 jobs finished in 4750s; 0 failed
=== wave w3 done 18:45:47 ===
ALL WAVES DONE 18:45:47
